exports[`<Pagination /> Render check with render 1`] = `
initialize {
  "0": Object {
    "attribs": Object {},
    "children": Array [
      Object {
        "attribs": Object {
          "class": "btn btn-default undefined",
          "disabled": "",
        },
        "children": Array [
          Object {
            "attribs": Object {
              "class": "fa fa-chevron-left",
            },
            "children": Array [],
            "name": "i",
            "namespace": "http://www.w3.org/1999/xhtml",
            "next": null,
            "parent": [Circular],
            "prev": null,
            "type": "tag",
            "x-attribsNamespace": Object {
              "class": undefined,
            },
            "x-attribsPrefix": Object {
              "class": undefined,
            },
          },
        ],
        "name": "button",
        "namespace": "http://www.w3.org/1999/xhtml",
        "next": Object {
          "attribs": Object {},
          "children": Array [
            Object {
              "data": "1 / 2 pages",
              "next": null,
              "parent": [Circular],
              "prev": null,
              "type": "text",
            },
          ],
          "name": "span",
          "namespace": "http://www.w3.org/1999/xhtml",
          "next": Object {
            "attribs": Object {
              "class": "btn btn-default undefined",
            },
            "children": Array [
              Object {
                "attribs": Object {
                  "class": "fa fa-chevron-right",
                },
                "children": Array [],
                "name": "i",
                "namespace": "http://www.w3.org/1999/xhtml",
                "next": null,
                "parent": [Circular],
                "prev": null,
                "type": "tag",
                "x-attribsNamespace": Object {
                  "class": undefined,
                },
                "x-attribsPrefix": Object {
                  "class": undefined,
                },
              },
            ],
            "name": "button",
            "namespace": "http://www.w3.org/1999/xhtml",
            "next": null,
            "parent": [Circular],
            "prev": [Circular],
            "type": "tag",
            "x-attribsNamespace": Object {
              "class": undefined,
            },
            "x-attribsPrefix": Object {
              "class": undefined,
            },
          },
          "parent": [Circular],
          "prev": [Circular],
          "type": "tag",
          "x-attribsNamespace": Object {},
          "x-attribsPrefix": Object {},
        },
        "parent": [Circular],
        "prev": null,
        "type": "tag",
        "x-attribsNamespace": Object {
          "class": undefined,
          "disabled": undefined,
        },
        "x-attribsPrefix": Object {
          "class": undefined,
          "disabled": undefined,
        },
      },
      Object {
        "attribs": Object {},
        "children": Array [
          Object {
            "data": "1 / 2 pages",
            "next": null,
            "parent": [Circular],
            "prev": null,
            "type": "text",
          },
        ],
        "name": "span",
        "namespace": "http://www.w3.org/1999/xhtml",
        "next": Object {
          "attribs": Object {
            "class": "btn btn-default undefined",
          },
          "children": Array [
            Object {
              "attribs": Object {
                "class": "fa fa-chevron-right",
              },
              "children": Array [],
              "name": "i",
              "namespace": "http://www.w3.org/1999/xhtml",
              "next": null,
              "parent": [Circular],
              "prev": null,
              "type": "tag",
              "x-attribsNamespace": Object {
                "class": undefined,
              },
              "x-attribsPrefix": Object {
                "class": undefined,
              },
            },
          ],
          "name": "button",
          "namespace": "http://www.w3.org/1999/xhtml",
          "next": null,
          "parent": [Circular],
          "prev": [Circular],
          "type": "tag",
          "x-attribsNamespace": Object {
            "class": undefined,
          },
          "x-attribsPrefix": Object {
            "class": undefined,
          },
        },
        "parent": [Circular],
        "prev": Object {
          "attribs": Object {
            "class": "btn btn-default undefined",
            "disabled": "",
          },
          "children": Array [
            Object {
              "attribs": Object {
                "class": "fa fa-chevron-left",
              },
              "children": Array [],
              "name": "i",
              "namespace": "http://www.w3.org/1999/xhtml",
              "next": null,
              "parent": [Circular],
              "prev": null,
              "type": "tag",
              "x-attribsNamespace": Object {
                "class": undefined,
              },
              "x-attribsPrefix": Object {
                "class": undefined,
              },
            },
          ],
          "name": "button",
          "namespace": "http://www.w3.org/1999/xhtml",
          "next": [Circular],
          "parent": [Circular],
          "prev": null,
          "type": "tag",
          "x-attribsNamespace": Object {
            "class": undefined,
            "disabled": undefined,
          },
          "x-attribsPrefix": Object {
            "class": undefined,
            "disabled": undefined,
          },
        },
        "type": "tag",
        "x-attribsNamespace": Object {},
        "x-attribsPrefix": Object {},
      },
      Object {
        "attribs": Object {
          "class": "btn btn-default undefined",
        },
        "children": Array [
          Object {
            "attribs": Object {
              "class": "fa fa-chevron-right",
            },
            "children": Array [],
            "name": "i",
            "namespace": "http://www.w3.org/1999/xhtml",
            "next": null,
            "parent": [Circular],
            "prev": null,
            "type": "tag",
            "x-attribsNamespace": Object {
              "class": undefined,
            },
            "x-attribsPrefix": Object {
              "class": undefined,
            },
          },
        ],
        "name": "button",
        "namespace": "http://www.w3.org/1999/xhtml",
        "next": null,
        "parent": [Circular],
        "prev": Object {
          "attribs": Object {},
          "children": Array [
            Object {
              "data": "1 / 2 pages",
              "next": null,
              "parent": [Circular],
              "prev": null,
              "type": "text",
            },
          ],
          "name": "span",
          "namespace": "http://www.w3.org/1999/xhtml",
          "next": [Circular],
          "parent": [Circular],
          "prev": Object {
            "attribs": Object {
              "class": "btn btn-default undefined",
              "disabled": "",
            },
            "children": Array [
              Object {
                "attribs": Object {
                  "class": "fa fa-chevron-left",
                },
                "children": Array [],
                "name": "i",
                "namespace": "http://www.w3.org/1999/xhtml",
                "next": null,
                "parent": [Circular],
                "prev": null,
                "type": "tag",
                "x-attribsNamespace": Object {
                  "class": undefined,
                },
                "x-attribsPrefix": Object {
                  "class": undefined,
                },
              },
            ],
            "name": "button",
            "namespace": "http://www.w3.org/1999/xhtml",
            "next": [Circular],
            "parent": [Circular],
            "prev": null,
            "type": "tag",
            "x-attribsNamespace": Object {
              "class": undefined,
              "disabled": undefined,
            },
            "x-attribsPrefix": Object {
              "class": undefined,
              "disabled": undefined,
            },
          },
          "type": "tag",
          "x-attribsNamespace": Object {},
          "x-attribsPrefix": Object {},
        },
        "type": "tag",
        "x-attribsNamespace": Object {
          "class": undefined,
        },
        "x-attribsPrefix": Object {
          "class": undefined,
        },
      },
    ],
    "name": "div",
    "namespace": "http://www.w3.org/1999/xhtml",
    "next": null,
    "parent": null,
    "prev": null,
    "root": Object {
      "attribs": Object {},
      "children": Array [
        [Circular],
      ],
      "name": "root",
      "namespace": "http://www.w3.org/1999/xhtml",
      "next": null,
      "parent": null,
      "prev": null,
      "type": "root",
      "x-attribsNamespace": Object {},
      "x-attribsPrefix": Object {},
    },
    "type": "tag",
    "x-attribsNamespace": Object {},
    "x-attribsPrefix": Object {},
  },
  "_root": [Circular],
  "length": 1,
  "options": Object {
    "decodeEntities": true,
    "normalizeWhitespace": false,
    "withDomLvl1": true,
    "xml": false,
  },
}
`;

exports[`<Pagination /> Render check with shallow 1`] = `
ShallowWrapper {
  Symbol(enzyme.__root__): [Circular],
  Symbol(enzyme.__unrendered__): <Pagination
    decrementPagination={[Function]}
    incrementPagination={[Function]}
    pagination={
        Object {
            "currentPage": 1,
            "totalPages": 2,
          }
    } />,
  Symbol(enzyme.__renderer__): Object {
    "batchedUpdates": [Function],
    "getNode": [Function],
    "render": [Function],
    "simulateEvent": [Function],
    "unmount": [Function],
  },
  Symbol(enzyme.__node__): Object {
    "instance": null,
    "key": undefined,
    "nodeType": "host",
    "props": Object {
      "children": Array [
        <button
          className="btn btn-default undefined"
          disabled={true}
          onClick={[Function]}>
          <i
                    className="fa fa-chevron-left" />
</button>,
        <span
          className={undefined}>
          1
           / 
          2
           pages
</span>,
        <button
          className="btn btn-default undefined"
          disabled={false}
          onClick={[Function]}>
          <i
                    className="fa fa-chevron-right" />
</button>,
      ],
      "className": undefined,
    },
    "ref": null,
    "rendered": Array [
      Object {
        "instance": null,
        "key": undefined,
        "nodeType": "host",
        "props": Object {
          "children": <i
            className="fa fa-chevron-left" />,
          "className": "btn btn-default undefined",
          "disabled": true,
          "onClick": [Function],
        },
        "ref": null,
        "rendered": Object {
          "instance": null,
          "key": undefined,
          "nodeType": "host",
          "props": Object {
            "className": "fa fa-chevron-left",
          },
          "ref": null,
          "rendered": null,
          "type": "i",
        },
        "type": "button",
      },
      Object {
        "instance": null,
        "key": undefined,
        "nodeType": "host",
        "props": Object {
          "children": Array [
            1,
            " / ",
            2,
            " pages",
          ],
          "className": undefined,
        },
        "ref": null,
        "rendered": Array [
          1,
          " / ",
          2,
          " pages",
        ],
        "type": "span",
      },
      Object {
        "instance": null,
        "key": undefined,
        "nodeType": "host",
        "props": Object {
          "children": <i
            className="fa fa-chevron-right" />,
          "className": "btn btn-default undefined",
          "disabled": false,
          "onClick": [Function],
        },
        "ref": null,
        "rendered": Object {
          "instance": null,
          "key": undefined,
          "nodeType": "host",
          "props": Object {
            "className": "fa fa-chevron-right",
          },
          "ref": null,
          "rendered": null,
          "type": "i",
        },
        "type": "button",
      },
    ],
    "type": "div",
  },
  Symbol(enzyme.__nodes__): Array [
    Object {
      "instance": null,
      "key": undefined,
      "nodeType": "host",
      "props": Object {
        "children": Array [
          <button
            className="btn btn-default undefined"
            disabled={true}
            onClick={[Function]}>
            <i
                        className="fa fa-chevron-left" />
</button>,
          <span
            className={undefined}>
            1
             / 
            2
             pages
</span>,
          <button
            className="btn btn-default undefined"
            disabled={false}
            onClick={[Function]}>
            <i
                        className="fa fa-chevron-right" />
</button>,
        ],
        "className": undefined,
      },
      "ref": null,
      "rendered": Array [
        Object {
          "instance": null,
          "key": undefined,
          "nodeType": "host",
          "props": Object {
            "children": <i
              className="fa fa-chevron-left" />,
            "className": "btn btn-default undefined",
            "disabled": true,
            "onClick": [Function],
          },
          "ref": null,
          "rendered": Object {
            "instance": null,
            "key": undefined,
            "nodeType": "host",
            "props": Object {
              "className": "fa fa-chevron-left",
            },
            "ref": null,
            "rendered": null,
            "type": "i",
          },
          "type": "button",
        },
        Object {
          "instance": null,
          "key": undefined,
          "nodeType": "host",
          "props": Object {
            "children": Array [
              1,
              " / ",
              2,
              " pages",
            ],
            "className": undefined,
          },
          "ref": null,
          "rendered": Array [
            1,
            " / ",
            2,
            " pages",
          ],
          "type": "span",
        },
        Object {
          "instance": null,
          "key": undefined,
          "nodeType": "host",
          "props": Object {
            "children": <i
              className="fa fa-chevron-right" />,
            "className": "btn btn-default undefined",
            "disabled": false,
            "onClick": [Function],
          },
          "ref": null,
          "rendered": Object {
            "instance": null,
            "key": undefined,
            "nodeType": "host",
            "props": Object {
              "className": "fa fa-chevron-right",
            },
            "ref": null,
            "rendered": null,
            "type": "i",
          },
          "type": "button",
        },
      ],
      "type": "div",
    },
  ],
  Symbol(enzyme.__options__): Object {
    "adapter": ReactFifteenAdapter {
      "options": Object {
        "legacyContextMode": "parent",
        "lifecycles": Object {
          "componentDidUpdate": Object {
            "prevContext": true,
          },
          "getChildContext": Object {
            "calledByRenderer": true,
          },
        },
        "supportPrevContextArgumentOfComponentDidUpdate": true,
      },
    },
  },
  Symbol(enzyme.__childContext__): null,
}
`;
